// Jest Snapshot v1, https://goo.gl/fbAQLP

exports[`register should login with valid email / password 1`] = `
<DocumentFragment>
  <div
    class="MuiBox-root MuiBox-root-50 makeStyles-formWrapper-49"
  >
    <div
      class="MuiBox-root MuiBox-root-51"
    >
      <div
        class="MuiBox-root MuiBox-root-52"
      >
        <h5
          class="MuiTypography-root MuiTypography-h5"
        >
          Sign Up
        </h5>
      </div>
      <form
        autocomplete="off"
        class="makeStyles-root-46"
        novalidate=""
      >
        <div
          class="MuiFormGroup-root"
        >
          <div
            class="MuiFormControl-root"
          >
            <label
              class="MuiFormLabel-root"
            >
              <div
                class="MuiBox-root MuiBox-root-53"
              >
                Email
              </div>
            </label>
            <div
              class="MuiFormControl-root MuiTextField-root"
            >
              <div
                class="MuiInputBase-root MuiOutlinedInput-root MuiInputBase-formControl"
              >
                <input
                  aria-invalid="false"
                  class="MuiInputBase-input MuiOutlinedInput-input"
                  data-testid="register-email"
                  type="text"
                  value="user@gmail.com"
                />
                <fieldset
                  aria-hidden="true"
                  class="PrivateNotchedOutline-root-54 MuiOutlinedInput-notchedOutline"
                  style="padding-left: 8px;"
                >
                  <legend
                    class="PrivateNotchedOutline-legend-55"
                    style="width: 0.01px;"
                  >
                    <span>
                      ​
                    </span>
                  </legend>
                </fieldset>
              </div>
            </div>
          </div>
        </div>
        <div
          class="MuiFormGroup-root"
        >
          <div
            class="MuiFormControl-root"
          >
            <label
              class="MuiFormLabel-root"
            >
              <div
                class="MuiBox-root MuiBox-root-58"
              >
                Password
              </div>
            </label>
            <div
              class="MuiFormControl-root MuiTextField-root"
            >
              <div
                class="MuiInputBase-root MuiOutlinedInput-root MuiInputBase-formControl"
              >
                <input
                  aria-invalid="false"
                  class="MuiInputBase-input MuiOutlinedInput-input"
                  data-testid="register-password"
                  name="password"
                  type="password"
                  value="password"
                />
                <fieldset
                  aria-hidden="true"
                  class="PrivateNotchedOutline-root-54 MuiOutlinedInput-notchedOutline"
                  style="padding-left: 8px;"
                >
                  <legend
                    class="PrivateNotchedOutline-legend-55"
                    style="width: 0.01px;"
                  >
                    <span>
                      ​
                    </span>
                  </legend>
                </fieldset>
              </div>
            </div>
          </div>
        </div>
        <div
          class="MuiBox-root MuiBox-root-59"
        >
          <button
            class="MuiButtonBase-root MuiButton-root MuiButton-text makeStyles-button-47 MuiButton-fullWidth"
            data-testid="register-button"
            tabindex="0"
            type="submit"
          >
            <span
              class="MuiButton-label"
            >
              Create an account
            </span>
            <span
              class="MuiTouchRipple-root"
            />
          </button>
        </div>
      </form>
      <div
        class="MuiBox-root MuiBox-root-60"
      >
        <a
          class="makeStyles-link-48"
          href="#/"
        >
          Have an account already? Login here
        </a>
      </div>
    </div>
  </div>
</DocumentFragment>
`;
